{"error1": "example1"}